[1.562s] DEBUG:colcon:Command line arguments: ['/usr/bin/colcon', 'build', '--packages-select', 'robotcar']
[1.563s] DEBUG:colcon:Parsed command line arguments: Namespace(log_base=None, log_level=None, verb_name='build', build_base='build', install_base='install', merge_install=False, symlink_install=False, test_result_base=None, continue_on_error=False, executor='parallel', parallel_workers=4, event_handlers=None, ignore_user_meta=False, metas=['./colcon.meta'], base_paths=['.'], packages_ignore=None, packages_ignore_regex=None, paths=None, packages_up_to=None, packages_up_to_regex=None, packages_above=None, packages_above_and_dependencies=None, packages_above_depth=None, packages_select_by_dep=None, packages_skip_by_dep=None, packages_skip_up_to=None, packages_select_build_failed=False, packages_skip_build_finished=False, packages_select_test_failures=False, packages_skip_test_passed=False, packages_select=['robotcar'], packages_skip=None, packages_select_regex=None, packages_skip_regex=None, packages_start=None, packages_end=None, allow_overriding=[], cmake_args=None, cmake_target=None, cmake_target_skip_unavailable=False, cmake_clean_cache=False, cmake_clean_first=False, cmake_force_configure=False, ament_cmake_args=None, catkin_cmake_args=None, catkin_skip_building_tests=False, mixin_files=None, mixin=None, verb_parser=<colcon_mixin.mixin.mixin_argument.MixinArgumentDecorator object at 0xffffa3d19d20>, verb_extension=<colcon_core.verb.build.BuildVerb object at 0xffffa3e2e350>, main=<bound method BuildVerb.main of <colcon_core.verb.build.BuildVerb object at 0xffffa3e2e350>>, mixin_verb=('build',))
[4.146s] Level 1:colcon.colcon_core.package_discovery:discover_packages(colcon_meta) check parameters
[4.147s] Level 1:colcon.colcon_core.package_discovery:discover_packages(recursive) check parameters
[4.147s] Level 1:colcon.colcon_core.package_discovery:discover_packages(ignore) check parameters
[4.148s] Level 1:colcon.colcon_core.package_discovery:discover_packages(path) check parameters
[4.148s] Level 1:colcon.colcon_core.package_discovery:discover_packages(colcon_meta) discover
[4.149s] Level 1:colcon.colcon_core.package_discovery:discover_packages(recursive) discover
[4.150s] INFO:colcon.colcon_core.package_discovery:Crawling recursively for packages in '/home/pi/Git/RobotCar'
[4.151s] Level 1:colcon.colcon_core.package_identification:_identify(.) by extensions ['ignore', 'ignore_ament_install']
[4.153s] Level 1:colcon.colcon_core.package_identification:_identify(.) by extension 'ignore'
[4.153s] Level 1:colcon.colcon_core.package_identification:_identify(.) by extension 'ignore_ament_install'
[4.154s] Level 1:colcon.colcon_core.package_identification:_identify(.) by extensions ['colcon_pkg']
[4.155s] Level 1:colcon.colcon_core.package_identification:_identify(.) by extension 'colcon_pkg'
[4.155s] Level 1:colcon.colcon_core.package_identification:_identify(.) by extensions ['colcon_meta']
[4.156s] Level 1:colcon.colcon_core.package_identification:_identify(.) by extension 'colcon_meta'
[4.156s] Level 1:colcon.colcon_core.package_identification:_identify(.) by extensions ['ros']
[4.156s] Level 1:colcon.colcon_core.package_identification:_identify(.) by extension 'ros'
[4.256s] DEBUG:colcon.colcon_core.package_identification:Package '.' with type 'ros.ament_cmake' and name 'robotcar'
[4.257s] Level 1:colcon.colcon_core.package_discovery:discover_packages(recursive) using defaults
[4.257s] Level 1:colcon.colcon_core.package_discovery:discover_packages(ignore) discover
[4.257s] Level 1:colcon.colcon_core.package_discovery:discover_packages(ignore) using defaults
[4.257s] Level 1:colcon.colcon_core.package_discovery:discover_packages(path) discover
[4.257s] Level 1:colcon.colcon_core.package_discovery:discover_packages(path) using defaults
[4.513s] Level 1:colcon.colcon_core.package_discovery:discover_packages(prefix_path) check parameters
[4.514s] Level 1:colcon.colcon_core.package_discovery:discover_packages(prefix_path) discover
[4.537s] DEBUG:colcon.colcon_installed_package_information.package_discovery:Found 1 installed packages in /home/pi/Git/RobotCar/install
[4.549s] DEBUG:colcon.colcon_installed_package_information.package_discovery:Found 281 installed packages in /opt/ros/iron
[4.557s] Level 1:colcon.colcon_core.package_discovery:discover_packages(prefix_path) using defaults
[5.028s] Level 5:colcon.colcon_core.verb:set package 'robotcar' build argument 'cmake_args' from command line to 'None'
[5.029s] Level 5:colcon.colcon_core.verb:set package 'robotcar' build argument 'cmake_target' from command line to 'None'
[5.030s] Level 5:colcon.colcon_core.verb:set package 'robotcar' build argument 'cmake_target_skip_unavailable' from command line to 'False'
[5.030s] Level 5:colcon.colcon_core.verb:set package 'robotcar' build argument 'cmake_clean_cache' from command line to 'False'
[5.030s] Level 5:colcon.colcon_core.verb:set package 'robotcar' build argument 'cmake_clean_first' from command line to 'False'
[5.031s] Level 5:colcon.colcon_core.verb:set package 'robotcar' build argument 'cmake_force_configure' from command line to 'False'
[5.031s] Level 5:colcon.colcon_core.verb:set package 'robotcar' build argument 'ament_cmake_args' from command line to 'None'
[5.032s] Level 5:colcon.colcon_core.verb:set package 'robotcar' build argument 'catkin_cmake_args' from command line to 'None'
[5.033s] Level 5:colcon.colcon_core.verb:set package 'robotcar' build argument 'catkin_skip_building_tests' from command line to 'False'
[5.034s] DEBUG:colcon.colcon_core.verb:Building package 'robotcar' with the following arguments: {'ament_cmake_args': None, 'build_base': '/home/pi/Git/RobotCar/build/robotcar', 'catkin_cmake_args': None, 'catkin_skip_building_tests': False, 'cmake_args': None, 'cmake_clean_cache': False, 'cmake_clean_first': False, 'cmake_force_configure': False, 'cmake_target': None, 'cmake_target_skip_unavailable': False, 'install_base': '/home/pi/Git/RobotCar/install/robotcar', 'merge_install': False, 'path': '/home/pi/Git/RobotCar', 'symlink_install': False, 'test_result_base': None}
[5.036s] INFO:colcon.colcon_core.executor:Executing jobs using 'parallel' executor
[5.045s] DEBUG:colcon.colcon_parallel_executor.executor.parallel:run_until_complete
[5.048s] INFO:colcon.colcon_ros.task.ament_cmake.build:Building ROS package in '/home/pi/Git/RobotCar' with build type 'ament_cmake'
[5.050s] INFO:colcon.colcon_cmake.task.cmake.build:Building CMake package in '/home/pi/Git/RobotCar'
[5.076s] INFO:colcon.colcon_core.plugin_system:Skipping extension 'colcon_core.shell.bat': Not used on non-Windows systems
[5.079s] INFO:colcon.colcon_core.shell:Skip shell extension 'powershell' for command environment: Not usable outside of PowerShell
[5.082s] DEBUG:colcon.colcon_core.shell:Skip shell extension 'dsv' for command environment
[5.202s] DEBUG:colcon.colcon_core.event_handler.log_command:Invoking command in '/home/pi/Git/RobotCar/build/robotcar': CMAKE_PREFIX_PATH=${CMAKE_PREFIX_PATH}:/opt/ros/iron /usr/bin/cmake --build /home/pi/Git/RobotCar/build/robotcar -- -j4 -l4
[64.507s] DEBUG:colcon.colcon_core.event_handler.log_command:Invoked command in '/home/pi/Git/RobotCar/build/robotcar' returned '0': CMAKE_PREFIX_PATH=${CMAKE_PREFIX_PATH}:/opt/ros/iron /usr/bin/cmake --build /home/pi/Git/RobotCar/build/robotcar -- -j4 -l4
[65.040s] DEBUG:colcon.colcon_core.event_handler.log_command:Invoking command in '/home/pi/Git/RobotCar/build/robotcar': CMAKE_PREFIX_PATH=${CMAKE_PREFIX_PATH}:/opt/ros/iron /usr/bin/cmake --install /home/pi/Git/RobotCar/build/robotcar
[65.170s] Level 1:colcon.colcon_core.environment:create_environment_scripts_only(robotcar)
[65.230s] DEBUG:colcon.colcon_core.event_handler.log_command:Invoked command in '/home/pi/Git/RobotCar/build/robotcar' returned '0': CMAKE_PREFIX_PATH=${CMAKE_PREFIX_PATH}:/opt/ros/iron /usr/bin/cmake --install /home/pi/Git/RobotCar/build/robotcar
[65.249s] Level 1:colcon.colcon_core.environment:checking '/home/pi/Git/RobotCar/install/robotcar' for CMake module files
[65.258s] Level 1:colcon.colcon_core.environment:checking '/home/pi/Git/RobotCar/install/robotcar' for CMake config files
[65.266s] Level 1:colcon.colcon_core.shell:create_environment_hook('robotcar', 'cmake_prefix_path')
[65.269s] INFO:colcon.colcon_core.shell:Creating environment hook '/home/pi/Git/RobotCar/install/robotcar/share/robotcar/hook/cmake_prefix_path.ps1'
[65.279s] INFO:colcon.colcon_core.shell:Creating environment descriptor '/home/pi/Git/RobotCar/install/robotcar/share/robotcar/hook/cmake_prefix_path.dsv'
[65.290s] INFO:colcon.colcon_core.shell:Creating environment hook '/home/pi/Git/RobotCar/install/robotcar/share/robotcar/hook/cmake_prefix_path.sh'
[65.309s] Level 1:colcon.colcon_core.environment:checking '/home/pi/Git/RobotCar/install/robotcar/lib'
[65.313s] Level 1:colcon.colcon_core.environment:checking '/home/pi/Git/RobotCar/install/robotcar/bin'
[65.314s] Level 1:colcon.colcon_core.environment:checking '/home/pi/Git/RobotCar/install/robotcar/lib/pkgconfig/robotcar.pc'
[65.317s] Level 1:colcon.colcon_core.environment:checking '/home/pi/Git/RobotCar/install/robotcar/lib/python3.10/site-packages'
[65.320s] Level 1:colcon.colcon_core.environment:checking '/home/pi/Git/RobotCar/install/robotcar/bin'
[65.323s] INFO:colcon.colcon_core.shell:Creating package script '/home/pi/Git/RobotCar/install/robotcar/share/robotcar/package.ps1'
[65.333s] INFO:colcon.colcon_core.shell:Creating package descriptor '/home/pi/Git/RobotCar/install/robotcar/share/robotcar/package.dsv'
[65.339s] INFO:colcon.colcon_core.shell:Creating package script '/home/pi/Git/RobotCar/install/robotcar/share/robotcar/package.sh'
[65.348s] INFO:colcon.colcon_core.shell:Creating package script '/home/pi/Git/RobotCar/install/robotcar/share/robotcar/package.bash'
[65.358s] INFO:colcon.colcon_core.shell:Creating package script '/home/pi/Git/RobotCar/install/robotcar/share/robotcar/package.zsh'
[65.365s] Level 1:colcon.colcon_core.environment:create_file_with_runtime_dependencies(/home/pi/Git/RobotCar/install/robotcar/share/colcon-core/packages/robotcar)
[65.762s] Level 1:colcon.colcon_core.environment:create_environment_scripts_only(robotcar)
[65.765s] Level 1:colcon.colcon_core.environment:checking '/home/pi/Git/RobotCar/install/robotcar' for CMake module files
[65.772s] Level 1:colcon.colcon_core.environment:checking '/home/pi/Git/RobotCar/install/robotcar' for CMake config files
[65.778s] Level 1:colcon.colcon_core.shell:create_environment_hook('robotcar', 'cmake_prefix_path')
[65.784s] INFO:colcon.colcon_core.shell:Creating environment hook '/home/pi/Git/RobotCar/install/robotcar/share/robotcar/hook/cmake_prefix_path.ps1'
[65.794s] INFO:colcon.colcon_core.shell:Creating environment descriptor '/home/pi/Git/RobotCar/install/robotcar/share/robotcar/hook/cmake_prefix_path.dsv'
[65.802s] INFO:colcon.colcon_core.shell:Creating environment hook '/home/pi/Git/RobotCar/install/robotcar/share/robotcar/hook/cmake_prefix_path.sh'
[65.814s] Level 1:colcon.colcon_core.environment:checking '/home/pi/Git/RobotCar/install/robotcar/lib'
[65.816s] Level 1:colcon.colcon_core.environment:checking '/home/pi/Git/RobotCar/install/robotcar/bin'
[65.817s] Level 1:colcon.colcon_core.environment:checking '/home/pi/Git/RobotCar/install/robotcar/lib/pkgconfig/robotcar.pc'
[65.821s] Level 1:colcon.colcon_core.environment:checking '/home/pi/Git/RobotCar/install/robotcar/lib/python3.10/site-packages'
[65.825s] Level 1:colcon.colcon_core.environment:checking '/home/pi/Git/RobotCar/install/robotcar/bin'
[65.828s] INFO:colcon.colcon_core.shell:Creating package script '/home/pi/Git/RobotCar/install/robotcar/share/robotcar/package.ps1'
[65.837s] INFO:colcon.colcon_core.shell:Creating package descriptor '/home/pi/Git/RobotCar/install/robotcar/share/robotcar/package.dsv'
[65.843s] INFO:colcon.colcon_core.shell:Creating package script '/home/pi/Git/RobotCar/install/robotcar/share/robotcar/package.sh'
[65.853s] INFO:colcon.colcon_core.shell:Creating package script '/home/pi/Git/RobotCar/install/robotcar/share/robotcar/package.bash'
[65.861s] INFO:colcon.colcon_core.shell:Creating package script '/home/pi/Git/RobotCar/install/robotcar/share/robotcar/package.zsh'
[65.867s] Level 1:colcon.colcon_core.environment:create_file_with_runtime_dependencies(/home/pi/Git/RobotCar/install/robotcar/share/colcon-core/packages/robotcar)
[65.878s] DEBUG:colcon.colcon_parallel_executor.executor.parallel:closing loop
[65.881s] DEBUG:colcon.colcon_parallel_executor.executor.parallel:loop closed
[65.882s] DEBUG:colcon.colcon_parallel_executor.executor.parallel:run_until_complete finished with '0'
[65.883s] DEBUG:colcon.colcon_core.event_reactor:joining thread
[65.953s] INFO:colcon.colcon_core.plugin_system:Skipping extension 'colcon_notification.desktop_notification.terminal_notifier': Not used on non-Darwin systems
[65.955s] INFO:colcon.colcon_core.plugin_system:Skipping extension 'colcon_notification.desktop_notification.win32': Not used on non-Windows systems
[65.956s] INFO:colcon.colcon_notification.desktop_notification:Sending desktop notification using 'notify2'
[66.126s] DEBUG:colcon.colcon_core.event_reactor:joined thread
[66.128s] INFO:colcon.colcon_core.shell:Creating prefix script '/home/pi/Git/RobotCar/install/local_setup.ps1'
[66.135s] INFO:colcon.colcon_core.shell:Creating prefix util module '/home/pi/Git/RobotCar/install/_local_setup_util_ps1.py'
[66.144s] INFO:colcon.colcon_core.shell:Creating prefix chain script '/home/pi/Git/RobotCar/install/setup.ps1'
[66.150s] INFO:colcon.colcon_core.shell:Creating prefix script '/home/pi/Git/RobotCar/install/local_setup.sh'
[66.155s] INFO:colcon.colcon_core.shell:Creating prefix util module '/home/pi/Git/RobotCar/install/_local_setup_util_sh.py'
[66.161s] INFO:colcon.colcon_core.shell:Creating prefix chain script '/home/pi/Git/RobotCar/install/setup.sh'
[66.169s] INFO:colcon.colcon_core.shell:Creating prefix script '/home/pi/Git/RobotCar/install/local_setup.bash'
[66.174s] INFO:colcon.colcon_core.shell:Creating prefix chain script '/home/pi/Git/RobotCar/install/setup.bash'
[66.183s] INFO:colcon.colcon_core.shell:Creating prefix script '/home/pi/Git/RobotCar/install/local_setup.zsh'
[66.188s] INFO:colcon.colcon_core.shell:Creating prefix chain script '/home/pi/Git/RobotCar/install/setup.zsh'
