[0.138s] Invoking command in '/home/pi/Git/RobotCar/build/robotcar': CMAKE_PREFIX_PATH=${CMAKE_PREFIX_PATH}:/opt/ros/iron /usr/bin/cmake --build /home/pi/Git/RobotCar/build/robotcar -- -j4 -l4
[0.749s] [ 33%] Built target motorDriverSubscriber
[1.026s] [ 66%] Built target panTiltSubscriber
[1.159s] [35m[1mConsolidate compiler generated dependencies of target controllerNode[0m
[1.368s] [ 83%] [32mBuilding CXX object CMakeFiles/controllerNode.dir/src/controllerNode.cpp.o[0m
[56.077s] [100%] [32m[1mLinking CXX executable controllerNode[0m
[59.322s] [100%] Built target controllerNode
[59.444s] Invoked command in '/home/pi/Git/RobotCar/build/robotcar' returned '0': CMAKE_PREFIX_PATH=${CMAKE_PREFIX_PATH}:/opt/ros/iron /usr/bin/cmake --build /home/pi/Git/RobotCar/build/robotcar -- -j4 -l4
[59.978s] Invoking command in '/home/pi/Git/RobotCar/build/robotcar': CMAKE_PREFIX_PATH=${CMAKE_PREFIX_PATH}:/opt/ros/iron /usr/bin/cmake --install /home/pi/Git/RobotCar/build/robotcar
[60.049s] -- Install configuration: ""
[60.061s] -- Up-to-date: /home/pi/Git/RobotCar/install/robotcar/lib/robotcar/motorDriverSubscriber
[60.063s] -- Installing: /home/pi/Git/RobotCar/install/robotcar/lib/robotcar/controllerNode
[60.076s] -- Set runtime path of "/home/pi/Git/RobotCar/install/robotcar/lib/robotcar/controllerNode" to ""
[60.077s] -- Up-to-date: /home/pi/Git/RobotCar/install/robotcar/lib/robotcar/panTiltSubscriber
[60.082s] -- Up-to-date: /home/pi/Git/RobotCar/install/robotcar/share/ament_index/resource_index/package_run_dependencies/robotcar
[60.087s] -- Up-to-date: /home/pi/Git/RobotCar/install/robotcar/share/ament_index/resource_index/parent_prefix_path/robotcar
[60.088s] -- Up-to-date: /home/pi/Git/RobotCar/install/robotcar/share/robotcar/environment/ament_prefix_path.sh
[60.094s] -- Up-to-date: /home/pi/Git/RobotCar/install/robotcar/share/robotcar/environment/ament_prefix_path.dsv
[60.096s] -- Up-to-date: /home/pi/Git/RobotCar/install/robotcar/share/robotcar/environment/path.sh
[60.098s] -- Up-to-date: /home/pi/Git/RobotCar/install/robotcar/share/robotcar/environment/path.dsv
[60.100s] -- Up-to-date: /home/pi/Git/RobotCar/install/robotcar/share/robotcar/local_setup.bash
[60.124s] -- Up-to-date: /home/pi/Git/RobotCar/install/robotcar/share/robotcar/local_setup.sh
[60.134s] -- Up-to-date: /home/pi/Git/RobotCar/install/robotcar/share/robotcar/local_setup.zsh
[60.135s] -- Up-to-date: /home/pi/Git/RobotCar/install/robotcar/share/robotcar/local_setup.dsv
[60.138s] -- Installing: /home/pi/Git/RobotCar/install/robotcar/share/robotcar/package.dsv
[60.141s] -- Up-to-date: /home/pi/Git/RobotCar/install/robotcar/share/ament_index/resource_index/packages/robotcar
[60.155s] -- Up-to-date: /home/pi/Git/RobotCar/install/robotcar/share/robotcar/cmake/robotcarConfig.cmake
[60.157s] -- Up-to-date: /home/pi/Git/RobotCar/install/robotcar/share/robotcar/cmake/robotcarConfig-version.cmake
[60.160s] -- Up-to-date: /home/pi/Git/RobotCar/install/robotcar/share/robotcar/package.xml
[60.165s] Invoked command in '/home/pi/Git/RobotCar/build/robotcar' returned '0': CMAKE_PREFIX_PATH=${CMAKE_PREFIX_PATH}:/opt/ros/iron /usr/bin/cmake --install /home/pi/Git/RobotCar/build/robotcar
