[0.159s] Invoking command in '/home/pi/Git/RobotCar/build/robotcar': CMAKE_PREFIX_PATH=${CMAKE_PREFIX_PATH}:/opt/ros/iron /usr/bin/cmake --build /home/pi/Git/RobotCar/build/robotcar -- -j4 -l4
[0.426s] -- Found ament_cmake: 2.0.6 (/opt/ros/iron/share/ament_cmake/cmake)
[2.147s] -- Found rclcpp: 21.0.7 (/opt/ros/iron/share/rclcpp/cmake)
[2.425s] -- Found rosidl_generator_c: 4.0.1 (/opt/ros/iron/share/rosidl_generator_c/cmake)
[2.486s] -- Found rosidl_generator_cpp: 4.0.1 (/opt/ros/iron/share/rosidl_generator_cpp/cmake)
[2.605s] -- Using all available rosidl_typesupport_c: rosidl_typesupport_fastrtps_c;rosidl_typesupport_introspection_c
[2.736s] -- Using all available rosidl_typesupport_cpp: rosidl_typesupport_fastrtps_cpp;rosidl_typesupport_introspection_cpp
[3.644s] -- Found rmw_implementation_cmake: 7.1.0 (/opt/ros/iron/share/rmw_implementation_cmake/cmake)
[3.656s] -- Found rmw_fastrtps_cpp: 7.1.4 (/opt/ros/iron/share/rmw_fastrtps_cpp/cmake)
[5.102s] -- Using RMW implementation 'rmw_fastrtps_cpp' as default
[6.089s] -- Found geometry_msgs: 5.0.1 (/opt/ros/iron/share/geometry_msgs/cmake)
[6.734s] -- Found ament_lint_auto: 0.14.4 (/opt/ros/iron/share/ament_lint_auto/cmake)
[7.672s] [31mCMake Error at CMakeLists.txt:54 (target_include_directories):
[7.674s]   Cannot specify include directories for target "robotcar" which is not built
[7.675s]   by this project.
[7.676s] 
[7.677s] [0m
[8.036s] -- Added test 'cppcheck' to perform static code analysis on C / C++ code
[8.037s] -- Configured cppcheck include dirs: 
[8.038s] -- Configured cppcheck exclude dirs and/or files: 
[8.084s] -- Added test 'flake8' to check Python code syntax and style conventions
[8.094s] -- Configured 'flake8' exclude dirs and/or files: 
[8.167s] -- Added test 'lint_cmake' to check CMake code style
[8.213s] -- Added test 'pep257' to check Python code against some of the docstring style conventions in PEP 257
[8.538s] -- Added test 'uncrustify' to check C / C++ code style
[8.540s] -- Configured uncrustify additional arguments: 
[8.588s] -- Added test 'xmllint' to check XML markup files
[8.599s] -- Configuring incomplete, errors occurred!
[8.599s] See also "/home/pi/Git/RobotCar/build/robotcar/CMakeFiles/CMakeOutput.log".
[8.667s] gmake: *** [Makefile:349: cmake_check_build_system] Error 1
[8.690s] Invoked command in '/home/pi/Git/RobotCar/build/robotcar' returned '2': CMAKE_PREFIX_PATH=${CMAKE_PREFIX_PATH}:/opt/ros/iron /usr/bin/cmake --build /home/pi/Git/RobotCar/build/robotcar -- -j4 -l4
