[0.121s] Invoking command in '/home/pi/Git/RobotCar/build/robotcar': CMAKE_PREFIX_PATH=/opt/ros/iron /usr/bin/cmake /home/pi/Git/RobotCar -DCMAKE_INSTALL_PREFIX=/home/pi/Git/RobotCar/install/robotcar
[1.261s] -- The C compiler identification is GNU 11.4.0
[2.174s] -- The CXX compiler identification is GNU 11.4.0
[2.292s] -- Detecting C compiler ABI info
[3.323s] -- Detecting C compiler ABI info - done
[3.368s] -- Check for working C compiler: /usr/bin/cc - skipped
[3.372s] -- Detecting C compile features
[3.381s] -- Detecting C compile features - done
[3.419s] -- Detecting CXX compiler ABI info
[4.331s] -- Detecting CXX compiler ABI info - done
[4.382s] -- Check for working CXX compiler: /usr/bin/c++ - skipped
[4.386s] -- Detecting CXX compile features
[4.389s] -- Detecting CXX compile features - done
[4.428s] -- Found ament_cmake: 2.0.6 (/opt/ros/iron/share/ament_cmake/cmake)
[6.663s] -- Found Python3: /usr/bin/python3.10 (found version "3.10.12") found components: Interpreter 
[8.064s] -- Found rclcpp: 21.0.7 (/opt/ros/iron/share/rclcpp/cmake)
[8.836s] -- Found rosidl_generator_c: 4.0.1 (/opt/ros/iron/share/rosidl_generator_c/cmake)
[8.989s] -- Found rosidl_generator_cpp: 4.0.1 (/opt/ros/iron/share/rosidl_generator_cpp/cmake)
[9.187s] -- Using all available rosidl_typesupport_c: rosidl_typesupport_fastrtps_c;rosidl_typesupport_introspection_c
[9.403s] -- Using all available rosidl_typesupport_cpp: rosidl_typesupport_fastrtps_cpp;rosidl_typesupport_introspection_cpp
[10.690s] -- Found rmw_implementation_cmake: 7.1.0 (/opt/ros/iron/share/rmw_implementation_cmake/cmake)
[10.740s] -- Found rmw_fastrtps_cpp: 7.1.4 (/opt/ros/iron/share/rmw_fastrtps_cpp/cmake)
[11.976s] -- Found OpenSSL: /usr/lib/aarch64-linux-gnu/libcrypto.so (found version "3.0.2")  
[12.324s] -- Found FastRTPS: /opt/ros/iron/include  
[12.862s] -- Using RMW implementation 'rmw_fastrtps_cpp' as default
[14.086s] -- Found geometry_msgs: 5.0.1 (/opt/ros/iron/share/geometry_msgs/cmake)
[14.779s] -- Found ament_lint_auto: 0.14.4 (/opt/ros/iron/share/ament_lint_auto/cmake)
[16.200s] -- Added test 'cppcheck' to perform static code analysis on C / C++ code
[16.202s] -- Configured cppcheck include dirs: 
[16.203s] -- Configured cppcheck exclude dirs and/or files: 
[16.236s] -- Added test 'flake8' to check Python code syntax and style conventions
[16.239s] -- Configured 'flake8' exclude dirs and/or files: 
[16.294s] -- Added test 'lint_cmake' to check CMake code style
[16.330s] -- Added test 'pep257' to check Python code against some of the docstring style conventions in PEP 257
[16.568s] -- Added test 'uncrustify' to check C / C++ code style
[16.568s] -- Configured uncrustify additional arguments: 
[16.599s] -- Added test 'xmllint' to check XML markup files
[16.619s] -- Configuring done
[16.802s] -- Generating done
[16.820s] -- Build files have been written to: /home/pi/Git/RobotCar/build/robotcar
[16.931s] Invoked command in '/home/pi/Git/RobotCar/build/robotcar' returned '0': CMAKE_PREFIX_PATH=/opt/ros/iron /usr/bin/cmake /home/pi/Git/RobotCar -DCMAKE_INSTALL_PREFIX=/home/pi/Git/RobotCar/install/robotcar
[16.938s] Invoking command in '/home/pi/Git/RobotCar/build/robotcar': CMAKE_PREFIX_PATH=/opt/ros/iron /usr/bin/cmake --build /home/pi/Git/RobotCar/build/robotcar -- -j4 -l4
[17.507s] [ 16%] [32mBuilding CXX object CMakeFiles/motorDriverSubscriber.dir/src/motorDriverNode.cpp.o[0m
[17.515s] [ 33%] [32mBuilding CXX object CMakeFiles/panTiltSubscriber.dir/src/panTiltNode.cpp.o[0m
[17.520s] [ 50%] [32mBuilding CXX object CMakeFiles/controllerNode.dir/src/controllerNode.cpp.o[0m
[68.476s] [01m[K/home/pi/Git/RobotCar/src/panTiltNode.cpp:17:5:[m[K [01;31m[Kerror: [m[Kextra qualification ‘[01m[KPanTilt::[m[K’ on member ‘[01m[KPanTilt[m[K’ [[01;31m[K]8;;https://gcc.gnu.org/onlinedocs/gcc/Warning-Options.html#index-fpermissive-fpermissive]8;;[m[K]
[68.491s]    17 |     [01;31m[KPanTilt[m[K::PanTilt()
[68.492s]       |     [01;31m[K^~~~~~~[m[K
[68.498s] [01m[K/home/pi/Git/RobotCar/src/panTiltNode.cpp:30:2:[m[K [01;31m[Kerror: [m[Kexpected ‘[01m[K;[m[K’ after class definition
[68.506s]    30 | }
[68.515s]       |  [01;31m[K^[m[K
[68.516s]       |  [32m[K;[m[K
[69.514s] [01m[K/home/pi/Git/RobotCar/src/panTiltNode.cpp:60:2:[m[K [01;31m[Kerror: [m[Kexpected ‘[01m[K;[m[K’ after class definition
[69.516s]    60 | }
[69.522s]       |  [01;31m[K^[m[K
[69.524s]       |  [32m[K;[m[K
[105.916s] gmake[2]: *** [CMakeFiles/panTiltSubscriber.dir/build.make:76: CMakeFiles/panTiltSubscriber.dir/src/panTiltNode.cpp.o] Error 1
[105.921s] gmake[1]: *** [CMakeFiles/Makefile2:193: CMakeFiles/panTiltSubscriber.dir/all] Error 2
[105.926s] gmake[1]: *** Waiting for unfinished jobs....
[109.218s] [ 66%] [32m[1mLinking CXX executable controllerNode[0m
[113.257s] [ 66%] Built target controllerNode
[137.772s] [ 83%] [32m[1mLinking CXX executable motorDriverSubscriber[0m
[142.191s] [ 83%] Built target motorDriverSubscriber
[142.197s] gmake: *** [Makefile:146: all] Error 2
[142.214s] Invoked command in '/home/pi/Git/RobotCar/build/robotcar' returned '2': CMAKE_PREFIX_PATH=/opt/ros/iron /usr/bin/cmake --build /home/pi/Git/RobotCar/build/robotcar -- -j4 -l4
