[0.096s] Invoking command in '/home/pi/Git/RobotCar/build/robotcar': CMAKE_PREFIX_PATH=${CMAKE_PREFIX_PATH}:/opt/ros/iron /usr/bin/cmake --build /home/pi/Git/RobotCar/build/robotcar -- -j4 -l4
[0.336s] -- Found ament_cmake: 2.0.6 (/opt/ros/iron/share/ament_cmake/cmake)
[2.135s] -- Found rclcpp: 21.0.7 (/opt/ros/iron/share/rclcpp/cmake)
[2.512s] -- Found rosidl_generator_c: 4.0.1 (/opt/ros/iron/share/rosidl_generator_c/cmake)
[2.614s] -- Found rosidl_generator_cpp: 4.0.1 (/opt/ros/iron/share/rosidl_generator_cpp/cmake)
[2.759s] -- Using all available rosidl_typesupport_c: rosidl_typesupport_fastrtps_c;rosidl_typesupport_introspection_c
[2.919s] -- Using all available rosidl_typesupport_cpp: rosidl_typesupport_fastrtps_cpp;rosidl_typesupport_introspection_cpp
[3.991s] -- Found rmw_implementation_cmake: 7.1.0 (/opt/ros/iron/share/rmw_implementation_cmake/cmake)
[4.010s] -- Found rmw_fastrtps_cpp: 7.1.4 (/opt/ros/iron/share/rmw_fastrtps_cpp/cmake)
[5.438s] -- Using RMW implementation 'rmw_fastrtps_cpp' as default
[6.399s] -- Found geometry_msgs: 5.0.1 (/opt/ros/iron/share/geometry_msgs/cmake)
[6.911s] -- Found ament_lint_auto: 0.14.4 (/opt/ros/iron/share/ament_lint_auto/cmake)
[8.041s] -- Added test 'cppcheck' to perform static code analysis on C / C++ code
[8.042s] -- Configured cppcheck include dirs: 
[8.043s] -- Configured cppcheck exclude dirs and/or files: 
[8.084s] -- Added test 'flake8' to check Python code syntax and style conventions
[8.084s] -- Configured 'flake8' exclude dirs and/or files: 
[8.171s] -- Added test 'lint_cmake' to check CMake code style
[8.221s] -- Added test 'pep257' to check Python code against some of the docstring style conventions in PEP 257
[8.564s] -- Added test 'uncrustify' to check C / C++ code style
[8.566s] -- Configured uncrustify additional arguments: 
[8.612s] -- Added test 'xmllint' to check XML markup files
[8.620s] -- Configuring done
[8.799s] -- Generating done
[8.828s] -- Build files have been written to: /home/pi/Git/RobotCar/build/robotcar
[9.126s] [35m[1mConsolidate compiler generated dependencies of target motorDriverSubscriber[0m
[9.134s] [35m[1mConsolidate compiler generated dependencies of target controllerNode[0m
[9.192s] [35m[1mConsolidate compiler generated dependencies of target panTiltSubscriber[0m
[9.381s] [ 33%] Built target motorDriverSubscriber
[9.406s] [ 50%] [32mBuilding CXX object CMakeFiles/controllerNode.dir/src/controllerNode.cpp.o[0m
[9.465s] [ 66%] [32m[1mLinking CXX executable panTiltSubscriber[0m
[13.102s] /usr/bin/ld: CMakeFiles/panTiltSubscriber.dir/src/panTiltNode.cpp.o: in function `PanTilt::PanTilt()':
[13.103s] panTiltNode.cpp:(.text._ZN7PanTiltC2Ev[_ZN7PanTiltC5Ev]+0x40): undefined reference to `i2c_init(char*, unsigned char)'
[13.104s] /usr/bin/ld: panTiltNode.cpp:(.text._ZN7PanTiltC2Ev[_ZN7PanTiltC5Ev]+0x4c): undefined reference to `i2c_writeReg(unsigned char, unsigned char)'
[13.107s] /usr/bin/ld: panTiltNode.cpp:(.text._ZN7PanTiltC2Ev[_ZN7PanTiltC5Ev]+0x60): undefined reference to `PCA9685_setPWMFreq(float)'
[13.111s] /usr/bin/ld: panTiltNode.cpp:(.text._ZN7PanTiltC2Ev[_ZN7PanTiltC5Ev]+0x6c): undefined reference to `PCA9685_setPWMFreq(float)'
[13.118s] /usr/bin/ld: panTiltNode.cpp:(.text._ZN7PanTiltC2Ev[_ZN7PanTiltC5Ev]+0x70): undefined reference to `ServoUpDegree'
[13.126s] /usr/bin/ld: panTiltNode.cpp:(.text._ZN7PanTiltC2Ev[_ZN7PanTiltC5Ev]+0x74): undefined reference to `ServoUpDegree'
[13.132s] /usr/bin/ld: panTiltNode.cpp:(.text._ZN7PanTiltC2Ev[_ZN7PanTiltC5Ev]+0x84): undefined reference to `setServoDegree(unsigned char, unsigned char)'
[13.140s] /usr/bin/ld: panTiltNode.cpp:(.text._ZN7PanTiltC2Ev[_ZN7PanTiltC5Ev]+0x88): undefined reference to `ServoDownDegree'
[13.149s] /usr/bin/ld: panTiltNode.cpp:(.text._ZN7PanTiltC2Ev[_ZN7PanTiltC5Ev]+0x8c): undefined reference to `ServoDownDegree'
[13.155s] /usr/bin/ld: panTiltNode.cpp:(.text._ZN7PanTiltC2Ev[_ZN7PanTiltC5Ev]+0x9c): undefined reference to `setServoDegree(unsigned char, unsigned char)'
[13.167s] /usr/bin/ld: CMakeFiles/panTiltSubscriber.dir/src/panTiltNode.cpp.o: in function `PanTilt::update(int)':
[13.168s] panTiltNode.cpp:(.text._ZN7PanTilt6updateEi[_ZN7PanTilt6updateEi]+0x64): undefined reference to `ServoDegreeIncrease(unsigned char, unsigned char)'
[13.175s] /usr/bin/ld: panTiltNode.cpp:(.text._ZN7PanTilt6updateEi[_ZN7PanTilt6updateEi]+0x74): undefined reference to `ServoDegreeDecrease(unsigned char, unsigned char)'
[13.187s] /usr/bin/ld: panTiltNode.cpp:(.text._ZN7PanTilt6updateEi[_ZN7PanTilt6updateEi]+0x84): undefined reference to `ServoDegreeIncrease(unsigned char, unsigned char)'
[13.198s] /usr/bin/ld: panTiltNode.cpp:(.text._ZN7PanTilt6updateEi[_ZN7PanTilt6updateEi]+0x94): undefined reference to `ServoDegreeDecrease(unsigned char, unsigned char)'
[13.580s] collect2: error: ld returned 1 exit status
[13.605s] gmake[2]: *** [CMakeFiles/panTiltSubscriber.dir/build.make:182: panTiltSubscriber] Error 1
[13.620s] gmake[1]: *** [CMakeFiles/Makefile2:193: CMakeFiles/panTiltSubscriber.dir/all] Error 2
[13.629s] gmake[1]: *** Waiting for unfinished jobs....
[66.805s] [ 83%] [32m[1mLinking CXX executable controllerNode[0m
[69.934s] [ 83%] Built target controllerNode
[69.943s] gmake: *** [Makefile:146: all] Error 2
[69.958s] Invoked command in '/home/pi/Git/RobotCar/build/robotcar' returned '2': CMAKE_PREFIX_PATH=${CMAKE_PREFIX_PATH}:/opt/ros/iron /usr/bin/cmake --build /home/pi/Git/RobotCar/build/robotcar -- -j4 -l4
