[0.092s] Invoking command in '/home/pi/Git/RobotCar/build/robotcar': CMAKE_PREFIX_PATH=${CMAKE_PREFIX_PATH}:/opt/ros/iron /usr/bin/cmake --build /home/pi/Git/RobotCar/build/robotcar -- -j4 -l4
[0.577s] [ 33%] Built target motorDriverSubscriber
[0.836s] [ 66%] Built target panTiltSubscriber
[0.976s] [35m[1mConsolidate compiler generated dependencies of target controllerNode[0m
[1.206s] [ 83%] [32mBuilding CXX object CMakeFiles/controllerNode.dir/src/controllerNode.cpp.o[0m
[67.537s] [100%] [32m[1mLinking CXX executable controllerNode[0m
[70.621s] [100%] Built target controllerNode
[70.756s] Invoked command in '/home/pi/Git/RobotCar/build/robotcar' returned '0': CMAKE_PREFIX_PATH=${CMAKE_PREFIX_PATH}:/opt/ros/iron /usr/bin/cmake --build /home/pi/Git/RobotCar/build/robotcar -- -j4 -l4
[71.319s] Invoking command in '/home/pi/Git/RobotCar/build/robotcar': CMAKE_PREFIX_PATH=${CMAKE_PREFIX_PATH}:/opt/ros/iron /usr/bin/cmake --install /home/pi/Git/RobotCar/build/robotcar
[71.418s] -- Install configuration: ""
[71.425s] -- Up-to-date: /home/pi/Git/RobotCar/install/robotcar/lib/robotcar/motorDriverSubscriber
[71.428s] -- Installing: /home/pi/Git/RobotCar/install/robotcar/lib/robotcar/controllerNode
[71.452s] -- Set runtime path of "/home/pi/Git/RobotCar/install/robotcar/lib/robotcar/controllerNode" to ""
[71.455s] -- Up-to-date: /home/pi/Git/RobotCar/install/robotcar/lib/robotcar/panTiltSubscriber
[71.465s] -- Up-to-date: /home/pi/Git/RobotCar/install/robotcar/share/ament_index/resource_index/package_run_dependencies/robotcar
[71.468s] -- Up-to-date: /home/pi/Git/RobotCar/install/robotcar/share/ament_index/resource_index/parent_prefix_path/robotcar
[71.469s] -- Up-to-date: /home/pi/Git/RobotCar/install/robotcar/share/robotcar/environment/ament_prefix_path.sh
[71.473s] -- Up-to-date: /home/pi/Git/RobotCar/install/robotcar/share/robotcar/environment/ament_prefix_path.dsv
[71.475s] -- Up-to-date: /home/pi/Git/RobotCar/install/robotcar/share/robotcar/environment/path.sh
[71.477s] -- Up-to-date: /home/pi/Git/RobotCar/install/robotcar/share/robotcar/environment/path.dsv
[71.478s] -- Up-to-date: /home/pi/Git/RobotCar/install/robotcar/share/robotcar/local_setup.bash
[71.480s] -- Up-to-date: /home/pi/Git/RobotCar/install/robotcar/share/robotcar/local_setup.sh
[71.481s] -- Up-to-date: /home/pi/Git/RobotCar/install/robotcar/share/robotcar/local_setup.zsh
[71.483s] -- Up-to-date: /home/pi/Git/RobotCar/install/robotcar/share/robotcar/local_setup.dsv
[71.498s] -- Installing: /home/pi/Git/RobotCar/install/robotcar/share/robotcar/package.dsv
[71.504s] -- Up-to-date: /home/pi/Git/RobotCar/install/robotcar/share/ament_index/resource_index/packages/robotcar
[71.508s] -- Up-to-date: /home/pi/Git/RobotCar/install/robotcar/share/robotcar/cmake/robotcarConfig.cmake
[71.521s] -- Up-to-date: /home/pi/Git/RobotCar/install/robotcar/share/robotcar/cmake/robotcarConfig-version.cmake
[71.527s] -- Up-to-date: /home/pi/Git/RobotCar/install/robotcar/share/robotcar/package.xml
[71.532s] Invoked command in '/home/pi/Git/RobotCar/build/robotcar' returned '0': CMAKE_PREFIX_PATH=${CMAKE_PREFIX_PATH}:/opt/ros/iron /usr/bin/cmake --install /home/pi/Git/RobotCar/build/robotcar
