[35m[1mConsolidate compiler generated dependencies of target controllerNode[0m
[ 33%] Built target controllerNode
[ 66%] Built target panTiltSubscriber
[100%] Built target motorDriverSubscriber
-- Install configuration: ""
-- Up-to-date: /home/pi/Git/RobotCar/install/robotcar/lib/robotcar/motorDriverSubscriber
-- Up-to-date: /home/pi/Git/RobotCar/install/robotcar/lib/robotcar/controllerNode
-- Up-to-date: /home/pi/Git/RobotCar/install/robotcar/lib/robotcar/panTiltSubscriber
-- Up-to-date: /home/pi/Git/RobotCar/install/robotcar/share/ament_index/resource_index/package_run_dependencies/robotcar
-- Up-to-date: /home/pi/Git/RobotCar/install/robotcar/share/ament_index/resource_index/parent_prefix_path/robotcar
-- Up-to-date: /home/pi/Git/RobotCar/install/robotcar/share/robotcar/environment/ament_prefix_path.sh
-- Up-to-date: /home/pi/Git/RobotCar/install/robotcar/share/robotcar/environment/ament_prefix_path.dsv
-- Up-to-date: /home/pi/Git/RobotCar/install/robotcar/share/robotcar/environment/path.sh
-- Up-to-date: /home/pi/Git/RobotCar/install/robotcar/share/robotcar/environment/path.dsv
-- Up-to-date: /home/pi/Git/RobotCar/install/robotcar/share/robotcar/local_setup.bash
-- Up-to-date: /home/pi/Git/RobotCar/install/robotcar/share/robotcar/local_setup.sh
-- Up-to-date: /home/pi/Git/RobotCar/install/robotcar/share/robotcar/local_setup.zsh
-- Up-to-date: /home/pi/Git/RobotCar/install/robotcar/share/robotcar/local_setup.dsv
-- Installing: /home/pi/Git/RobotCar/install/robotcar/share/robotcar/package.dsv
-- Up-to-date: /home/pi/Git/RobotCar/install/robotcar/share/ament_index/resource_index/packages/robotcar
-- Up-to-date: /home/pi/Git/RobotCar/install/robotcar/share/robotcar/cmake/robotcarConfig.cmake
-- Up-to-date: /home/pi/Git/RobotCar/install/robotcar/share/robotcar/cmake/robotcarConfig-version.cmake
-- Up-to-date: /home/pi/Git/RobotCar/install/robotcar/share/robotcar/package.xml
