[0.764s] DEBUG:colcon:Command line arguments: ['/usr/bin/colcon', 'list']
[0.764s] DEBUG:colcon:Parsed command line arguments: Namespace(log_base=None, log_level=None, verb_name='list', build_base='build', ignore_user_meta=False, metas=['./colcon.meta'], base_paths=['.'], packages_ignore=None, packages_ignore_regex=None, paths=None, packages_up_to=None, packages_up_to_regex=None, packages_above=None, packages_above_and_dependencies=None, packages_above_depth=None, packages_select_by_dep=None, packages_skip_by_dep=None, packages_skip_up_to=None, packages_select_build_failed=False, packages_skip_build_finished=False, packages_select_test_failures=False, packages_skip_test_passed=False, packages_select=None, packages_skip=None, packages_select_regex=None, packages_skip_regex=None, packages_start=None, packages_end=None, allow_overriding=[], topological_order=False, names_only=False, paths_only=False, topological_graph=False, topological_graph_dot=False, topological_graph_density=False, topological_graph_legend=False, topological_graph_dot_cluster=False, topological_graph_dot_include_skipped=False, mixin_files=None, mixin=None, verb_parser=<colcon_mixin.mixin.mixin_argument.MixinArgumentDecorator object at 0xffff98b167d0>, verb_extension=<colcon_package_information.verb.list.ListVerb object at 0xffff98b156f0>, main=<bound method ListVerb.main of <colcon_package_information.verb.list.ListVerb object at 0xffff98b156f0>>, mixin_verb=('list',))
[2.596s] Level 1:colcon.colcon_core.package_discovery:discover_packages(colcon_meta) check parameters
[2.597s] Level 1:colcon.colcon_core.package_discovery:discover_packages(recursive) check parameters
[2.597s] Level 1:colcon.colcon_core.package_discovery:discover_packages(ignore) check parameters
[2.597s] Level 1:colcon.colcon_core.package_discovery:discover_packages(path) check parameters
[2.597s] Level 1:colcon.colcon_core.package_discovery:discover_packages(colcon_meta) discover
[2.597s] Level 1:colcon.colcon_core.package_discovery:discover_packages(recursive) discover
[2.598s] INFO:colcon.colcon_core.package_discovery:Crawling recursively for packages in '/home/pi/Git/RobotCar'
[2.598s] Level 1:colcon.colcon_core.package_identification:_identify(.) by extensions ['ignore', 'ignore_ament_install']
[2.599s] Level 1:colcon.colcon_core.package_identification:_identify(.) by extension 'ignore'
[2.599s] Level 1:colcon.colcon_core.package_identification:_identify(.) by extension 'ignore_ament_install'
[2.600s] Level 1:colcon.colcon_core.package_identification:_identify(.) by extensions ['colcon_pkg']
[2.601s] Level 1:colcon.colcon_core.package_identification:_identify(.) by extension 'colcon_pkg'
[2.601s] Level 1:colcon.colcon_core.package_identification:_identify(.) by extensions ['colcon_meta']
[2.601s] Level 1:colcon.colcon_core.package_identification:_identify(.) by extension 'colcon_meta'
[2.601s] Level 1:colcon.colcon_core.package_identification:_identify(.) by extensions ['ros']
[2.602s] Level 1:colcon.colcon_core.package_identification:_identify(.) by extension 'ros'
[2.703s] DEBUG:colcon.colcon_core.package_identification:Package '.' with type 'ros.ament_cmake' and name 'robotcar'
[2.704s] Level 1:colcon.colcon_core.package_discovery:discover_packages(recursive) using defaults
[2.704s] Level 1:colcon.colcon_core.package_discovery:discover_packages(ignore) discover
[2.704s] Level 1:colcon.colcon_core.package_discovery:discover_packages(ignore) using defaults
[2.704s] Level 1:colcon.colcon_core.package_discovery:discover_packages(path) discover
[2.705s] Level 1:colcon.colcon_core.package_discovery:discover_packages(path) using defaults
