[0.167s] Invoking command in '/home/pi/Git/RobotCar/build/robotcar': CMAKE_PREFIX_PATH=/opt/ros/iron /usr/bin/cmake --build /home/pi/Git/RobotCar/build/robotcar -- -j4 -l4
[0.665s] [35m[1mConsolidate compiler generated dependencies of target panTiltSubscriber[0m
[0.936s] [ 33%] Built target controllerNode
[0.964s] [ 66%] Built target motorDriverSubscriber
[0.976s] [100%] Built target panTiltSubscriber
[1.086s] Invoked command in '/home/pi/Git/RobotCar/build/robotcar' returned '0': CMAKE_PREFIX_PATH=/opt/ros/iron /usr/bin/cmake --build /home/pi/Git/RobotCar/build/robotcar -- -j4 -l4
[1.665s] Invoking command in '/home/pi/Git/RobotCar/build/robotcar': CMAKE_PREFIX_PATH=/opt/ros/iron /usr/bin/cmake --install /home/pi/Git/RobotCar/build/robotcar
[1.770s] -- Install configuration: ""
[1.777s] -- Up-to-date: /home/pi/Git/RobotCar/install/robotcar/lib/robotcar/motorDriverSubscriber
[1.782s] -- Up-to-date: /home/pi/Git/RobotCar/install/robotcar/lib/robotcar/controllerNode
[1.791s] -- Up-to-date: /home/pi/Git/RobotCar/install/robotcar/lib/robotcar/panTiltSubscriber
[1.794s] -- Up-to-date: /home/pi/Git/RobotCar/install/robotcar/share/ament_index/resource_index/package_run_dependencies/robotcar
[1.796s] -- Up-to-date: /home/pi/Git/RobotCar/install/robotcar/share/ament_index/resource_index/parent_prefix_path/robotcar
[1.803s] -- Up-to-date: /home/pi/Git/RobotCar/install/robotcar/share/robotcar/environment/ament_prefix_path.sh
[1.806s] -- Up-to-date: /home/pi/Git/RobotCar/install/robotcar/share/robotcar/environment/ament_prefix_path.dsv
[1.807s] -- Up-to-date: /home/pi/Git/RobotCar/install/robotcar/share/robotcar/environment/path.sh
[1.809s] -- Up-to-date: /home/pi/Git/RobotCar/install/robotcar/share/robotcar/environment/path.dsv
[1.811s] -- Up-to-date: /home/pi/Git/RobotCar/install/robotcar/share/robotcar/local_setup.bash
[1.821s] -- Up-to-date: /home/pi/Git/RobotCar/install/robotcar/share/robotcar/local_setup.sh
[1.822s] -- Up-to-date: /home/pi/Git/RobotCar/install/robotcar/share/robotcar/local_setup.zsh
[1.824s] -- Up-to-date: /home/pi/Git/RobotCar/install/robotcar/share/robotcar/local_setup.dsv
[1.825s] -- Installing: /home/pi/Git/RobotCar/install/robotcar/share/robotcar/package.dsv
[1.827s] -- Up-to-date: /home/pi/Git/RobotCar/install/robotcar/share/ament_index/resource_index/packages/robotcar
[1.828s] -- Up-to-date: /home/pi/Git/RobotCar/install/robotcar/share/robotcar/cmake/robotcarConfig.cmake
[1.845s] -- Up-to-date: /home/pi/Git/RobotCar/install/robotcar/share/robotcar/cmake/robotcarConfig-version.cmake
[1.847s] -- Up-to-date: /home/pi/Git/RobotCar/install/robotcar/share/robotcar/package.xml
[1.856s] Invoked command in '/home/pi/Git/RobotCar/build/robotcar' returned '0': CMAKE_PREFIX_PATH=/opt/ros/iron /usr/bin/cmake --install /home/pi/Git/RobotCar/build/robotcar
