[1.441s] DEBUG:colcon:Command line arguments: ['/usr/bin/colcon', 'build', '--packages-select', 'robotcar']
[1.443s] DEBUG:colcon:Parsed command line arguments: Namespace(log_base=None, log_level=None, verb_name='build', build_base='build', install_base='install', merge_install=False, symlink_install=False, test_result_base=None, continue_on_error=False, executor='parallel', parallel_workers=4, event_handlers=None, ignore_user_meta=False, metas=['./colcon.meta'], base_paths=['.'], packages_ignore=None, packages_ignore_regex=None, paths=None, packages_up_to=None, packages_up_to_regex=None, packages_above=None, packages_above_and_dependencies=None, packages_above_depth=None, packages_select_by_dep=None, packages_skip_by_dep=None, packages_skip_up_to=None, packages_select_build_failed=False, packages_skip_build_finished=False, packages_select_test_failures=False, packages_skip_test_passed=False, packages_select=['robotcar'], packages_skip=None, packages_select_regex=None, packages_skip_regex=None, packages_start=None, packages_end=None, allow_overriding=[], cmake_args=None, cmake_target=None, cmake_target_skip_unavailable=False, cmake_clean_cache=False, cmake_clean_first=False, cmake_force_configure=False, ament_cmake_args=None, catkin_cmake_args=None, catkin_skip_building_tests=False, mixin_files=None, mixin=None, verb_parser=<colcon_mixin.mixin.mixin_argument.MixinArgumentDecorator object at 0xffff9f619d20>, verb_extension=<colcon_core.verb.build.BuildVerb object at 0xffff9f72e350>, main=<bound method BuildVerb.main of <colcon_core.verb.build.BuildVerb object at 0xffff9f72e350>>, mixin_verb=('build',))
[4.247s] Level 1:colcon.colcon_core.package_discovery:discover_packages(colcon_meta) check parameters
[4.247s] Level 1:colcon.colcon_core.package_discovery:discover_packages(recursive) check parameters
[4.248s] Level 1:colcon.colcon_core.package_discovery:discover_packages(ignore) check parameters
[4.248s] Level 1:colcon.colcon_core.package_discovery:discover_packages(path) check parameters
[4.248s] Level 1:colcon.colcon_core.package_discovery:discover_packages(colcon_meta) discover
[4.249s] Level 1:colcon.colcon_core.package_discovery:discover_packages(recursive) discover
[4.249s] INFO:colcon.colcon_core.package_discovery:Crawling recursively for packages in '/home/pi/Git/RobotCar'
[4.250s] Level 1:colcon.colcon_core.package_identification:_identify(.) by extensions ['ignore', 'ignore_ament_install']
[4.251s] Level 1:colcon.colcon_core.package_identification:_identify(.) by extension 'ignore'
[4.252s] Level 1:colcon.colcon_core.package_identification:_identify(.) by extension 'ignore_ament_install'
[4.252s] Level 1:colcon.colcon_core.package_identification:_identify(.) by extensions ['colcon_pkg']
[4.252s] Level 1:colcon.colcon_core.package_identification:_identify(.) by extension 'colcon_pkg'
[4.253s] Level 1:colcon.colcon_core.package_identification:_identify(.) by extensions ['colcon_meta']
[4.253s] Level 1:colcon.colcon_core.package_identification:_identify(.) by extension 'colcon_meta'
[4.253s] Level 1:colcon.colcon_core.package_identification:_identify(.) by extensions ['ros']
[4.253s] Level 1:colcon.colcon_core.package_identification:_identify(.) by extension 'ros'
[4.351s] DEBUG:colcon.colcon_core.package_identification:Package '.' with type 'ros.ament_cmake' and name 'robotcar'
[4.352s] Level 1:colcon.colcon_core.package_discovery:discover_packages(recursive) using defaults
[4.352s] Level 1:colcon.colcon_core.package_discovery:discover_packages(ignore) discover
[4.353s] Level 1:colcon.colcon_core.package_discovery:discover_packages(ignore) using defaults
[4.353s] Level 1:colcon.colcon_core.package_discovery:discover_packages(path) discover
[4.353s] Level 1:colcon.colcon_core.package_discovery:discover_packages(path) using defaults
[4.631s] Level 1:colcon.colcon_core.package_discovery:discover_packages(prefix_path) check parameters
[4.632s] Level 1:colcon.colcon_core.package_discovery:discover_packages(prefix_path) discover
[4.654s] DEBUG:colcon.colcon_installed_package_information.package_discovery:Found 1 installed packages in /home/pi/Git/RobotCar/install
[4.667s] DEBUG:colcon.colcon_installed_package_information.package_discovery:Found 281 installed packages in /opt/ros/iron
[4.679s] Level 1:colcon.colcon_core.package_discovery:discover_packages(prefix_path) using defaults
[5.281s] Level 5:colcon.colcon_core.verb:set package 'robotcar' build argument 'cmake_args' from command line to 'None'
[5.281s] Level 5:colcon.colcon_core.verb:set package 'robotcar' build argument 'cmake_target' from command line to 'None'
[5.282s] Level 5:colcon.colcon_core.verb:set package 'robotcar' build argument 'cmake_target_skip_unavailable' from command line to 'False'
[5.282s] Level 5:colcon.colcon_core.verb:set package 'robotcar' build argument 'cmake_clean_cache' from command line to 'False'
[5.283s] Level 5:colcon.colcon_core.verb:set package 'robotcar' build argument 'cmake_clean_first' from command line to 'False'
[5.283s] Level 5:colcon.colcon_core.verb:set package 'robotcar' build argument 'cmake_force_configure' from command line to 'False'
[5.284s] Level 5:colcon.colcon_core.verb:set package 'robotcar' build argument 'ament_cmake_args' from command line to 'None'
[5.284s] Level 5:colcon.colcon_core.verb:set package 'robotcar' build argument 'catkin_cmake_args' from command line to 'None'
[5.284s] Level 5:colcon.colcon_core.verb:set package 'robotcar' build argument 'catkin_skip_building_tests' from command line to 'False'
[5.285s] DEBUG:colcon.colcon_core.verb:Building package 'robotcar' with the following arguments: {'ament_cmake_args': None, 'build_base': '/home/pi/Git/RobotCar/build/robotcar', 'catkin_cmake_args': None, 'catkin_skip_building_tests': False, 'cmake_args': None, 'cmake_clean_cache': False, 'cmake_clean_first': False, 'cmake_force_configure': False, 'cmake_target': None, 'cmake_target_skip_unavailable': False, 'install_base': '/home/pi/Git/RobotCar/install/robotcar', 'merge_install': False, 'path': '/home/pi/Git/RobotCar', 'symlink_install': False, 'test_result_base': None}
[5.287s] INFO:colcon.colcon_core.executor:Executing jobs using 'parallel' executor
[5.295s] DEBUG:colcon.colcon_parallel_executor.executor.parallel:run_until_complete
[5.298s] INFO:colcon.colcon_ros.task.ament_cmake.build:Building ROS package in '/home/pi/Git/RobotCar' with build type 'ament_cmake'
[5.301s] INFO:colcon.colcon_cmake.task.cmake.build:Building CMake package in '/home/pi/Git/RobotCar'
[5.325s] INFO:colcon.colcon_core.plugin_system:Skipping extension 'colcon_core.shell.bat': Not used on non-Windows systems
[5.329s] INFO:colcon.colcon_core.shell:Skip shell extension 'powershell' for command environment: Not usable outside of PowerShell
[5.331s] DEBUG:colcon.colcon_core.shell:Skip shell extension 'dsv' for command environment
[5.440s] DEBUG:colcon.colcon_core.event_handler.log_command:Invoking command in '/home/pi/Git/RobotCar/build/robotcar': CMAKE_PREFIX_PATH=${CMAKE_PREFIX_PATH}:/opt/ros/iron /usr/bin/cmake --build /home/pi/Git/RobotCar/build/robotcar -- -j4 -l4
[94.967s] DEBUG:colcon.colcon_core.event_handler.log_command:Invoked command in '/home/pi/Git/RobotCar/build/robotcar' returned '2': CMAKE_PREFIX_PATH=${CMAKE_PREFIX_PATH}:/opt/ros/iron /usr/bin/cmake --build /home/pi/Git/RobotCar/build/robotcar -- -j4 -l4
[95.352s] Level 1:colcon.colcon_core.environment:create_environment_scripts_only(robotcar)
[95.410s] Level 1:colcon.colcon_core.environment:checking '/home/pi/Git/RobotCar/install/robotcar' for CMake module files
[95.418s] Level 1:colcon.colcon_core.environment:checking '/home/pi/Git/RobotCar/install/robotcar' for CMake config files
[95.425s] Level 1:colcon.colcon_core.shell:create_environment_hook('robotcar', 'cmake_prefix_path')
[95.428s] INFO:colcon.colcon_core.shell:Creating environment hook '/home/pi/Git/RobotCar/install/robotcar/share/robotcar/hook/cmake_prefix_path.ps1'
[95.441s] INFO:colcon.colcon_core.shell:Creating environment descriptor '/home/pi/Git/RobotCar/install/robotcar/share/robotcar/hook/cmake_prefix_path.dsv'
[95.450s] INFO:colcon.colcon_core.shell:Creating environment hook '/home/pi/Git/RobotCar/install/robotcar/share/robotcar/hook/cmake_prefix_path.sh'
[95.467s] Level 1:colcon.colcon_core.environment:checking '/home/pi/Git/RobotCar/install/robotcar/lib'
[95.475s] Level 1:colcon.colcon_core.environment:checking '/home/pi/Git/RobotCar/install/robotcar/bin'
[95.477s] Level 1:colcon.colcon_core.environment:checking '/home/pi/Git/RobotCar/install/robotcar/lib/pkgconfig/robotcar.pc'
[95.483s] Level 1:colcon.colcon_core.environment:checking '/home/pi/Git/RobotCar/install/robotcar/lib/python3.10/site-packages'
[95.487s] Level 1:colcon.colcon_core.environment:checking '/home/pi/Git/RobotCar/install/robotcar/bin'
[95.491s] INFO:colcon.colcon_core.shell:Creating package script '/home/pi/Git/RobotCar/install/robotcar/share/robotcar/package.ps1'
[95.503s] INFO:colcon.colcon_core.shell:Creating package descriptor '/home/pi/Git/RobotCar/install/robotcar/share/robotcar/package.dsv'
[95.511s] INFO:colcon.colcon_core.shell:Creating package script '/home/pi/Git/RobotCar/install/robotcar/share/robotcar/package.sh'
[95.523s] INFO:colcon.colcon_core.shell:Creating package script '/home/pi/Git/RobotCar/install/robotcar/share/robotcar/package.bash'
[95.533s] INFO:colcon.colcon_core.shell:Creating package script '/home/pi/Git/RobotCar/install/robotcar/share/robotcar/package.zsh'
[95.546s] Level 1:colcon.colcon_core.environment:create_file_with_runtime_dependencies(/home/pi/Git/RobotCar/install/robotcar/share/colcon-core/packages/robotcar)
[95.562s] DEBUG:colcon.colcon_parallel_executor.executor.parallel:closing loop
[95.566s] DEBUG:colcon.colcon_parallel_executor.executor.parallel:loop closed
[95.567s] DEBUG:colcon.colcon_parallel_executor.executor.parallel:run_until_complete finished with '2'
[95.568s] DEBUG:colcon.colcon_core.event_reactor:joining thread
[95.641s] INFO:colcon.colcon_core.plugin_system:Skipping extension 'colcon_notification.desktop_notification.terminal_notifier': Not used on non-Darwin systems
[95.643s] INFO:colcon.colcon_core.plugin_system:Skipping extension 'colcon_notification.desktop_notification.win32': Not used on non-Windows systems
[95.645s] INFO:colcon.colcon_notification.desktop_notification:Sending desktop notification using 'notify2'
[95.950s] DEBUG:colcon.colcon_core.event_reactor:joined thread
[95.953s] INFO:colcon.colcon_core.shell:Creating prefix script '/home/pi/Git/RobotCar/install/local_setup.ps1'
[95.963s] INFO:colcon.colcon_core.shell:Creating prefix util module '/home/pi/Git/RobotCar/install/_local_setup_util_ps1.py'
[95.981s] INFO:colcon.colcon_core.shell:Creating prefix chain script '/home/pi/Git/RobotCar/install/setup.ps1'
[95.995s] INFO:colcon.colcon_core.shell:Creating prefix script '/home/pi/Git/RobotCar/install/local_setup.sh'
[96.007s] INFO:colcon.colcon_core.shell:Creating prefix util module '/home/pi/Git/RobotCar/install/_local_setup_util_sh.py'
[96.016s] INFO:colcon.colcon_core.shell:Creating prefix chain script '/home/pi/Git/RobotCar/install/setup.sh'
[96.032s] INFO:colcon.colcon_core.shell:Creating prefix script '/home/pi/Git/RobotCar/install/local_setup.bash'
[96.037s] INFO:colcon.colcon_core.shell:Creating prefix chain script '/home/pi/Git/RobotCar/install/setup.bash'
[96.051s] INFO:colcon.colcon_core.shell:Creating prefix script '/home/pi/Git/RobotCar/install/local_setup.zsh'
[96.058s] INFO:colcon.colcon_core.shell:Creating prefix chain script '/home/pi/Git/RobotCar/install/setup.zsh'
