[0.094s] Invoking command in '/home/pi/Git/RobotCar/build/robotcar': /usr/bin/cmake --build /home/pi/Git/RobotCar/build/robotcar -- -j4 -l4
[1.049s] [35m[1mConsolidate compiler generated dependencies of target controllerNode[0m
[1.062s] [35m[1mConsolidate compiler generated dependencies of target panTiltSubscriber[0m
[1.284s] [ 16%] [32mBuilding CXX object CMakeFiles/controllerNode.dir/src/controllerNode.cpp.o[0m
[1.288s] [ 50%] Built target motorDriverSubscriber
[1.339s] [ 83%] Built target panTiltSubscriber
[37.428s] [100%] [32m[1mLinking CXX executable controllerNode[0m
[40.182s] [100%] Built target controllerNode
[40.244s] Invoked command in '/home/pi/Git/RobotCar/build/robotcar' returned '0': /usr/bin/cmake --build /home/pi/Git/RobotCar/build/robotcar -- -j4 -l4
[40.511s] Invoking command in '/home/pi/Git/RobotCar/build/robotcar': /usr/bin/cmake --install /home/pi/Git/RobotCar/build/robotcar
[40.553s] -- Install configuration: ""
[40.568s] -- Up-to-date: /home/pi/Git/RobotCar/install/robotcar/lib/robotcar/motorDriverSubscriber
[40.571s] -- Installing: /home/pi/Git/RobotCar/install/robotcar/lib/robotcar/controllerNode
[40.584s] -- Set runtime path of "/home/pi/Git/RobotCar/install/robotcar/lib/robotcar/controllerNode" to ""
[40.590s] -- Up-to-date: /home/pi/Git/RobotCar/install/robotcar/lib/robotcar/panTiltSubscriber
[40.591s] -- Up-to-date: /home/pi/Git/RobotCar/install/robotcar/share/ament_index/resource_index/package_run_dependencies/robotcar
[40.593s] -- Up-to-date: /home/pi/Git/RobotCar/install/robotcar/share/ament_index/resource_index/parent_prefix_path/robotcar
[40.594s] -- Up-to-date: /home/pi/Git/RobotCar/install/robotcar/share/robotcar/environment/ament_prefix_path.sh
[40.597s] -- Up-to-date: /home/pi/Git/RobotCar/install/robotcar/share/robotcar/environment/ament_prefix_path.dsv
[40.598s] -- Up-to-date: /home/pi/Git/RobotCar/install/robotcar/share/robotcar/environment/path.sh
[40.600s] -- Up-to-date: /home/pi/Git/RobotCar/install/robotcar/share/robotcar/environment/path.dsv
[40.601s] -- Up-to-date: /home/pi/Git/RobotCar/install/robotcar/share/robotcar/local_setup.bash
[40.602s] -- Up-to-date: /home/pi/Git/RobotCar/install/robotcar/share/robotcar/local_setup.sh
[40.603s] -- Up-to-date: /home/pi/Git/RobotCar/install/robotcar/share/robotcar/local_setup.zsh
[40.607s] -- Up-to-date: /home/pi/Git/RobotCar/install/robotcar/share/robotcar/local_setup.dsv
[40.608s] -- Installing: /home/pi/Git/RobotCar/install/robotcar/share/robotcar/package.dsv
[40.610s] -- Up-to-date: /home/pi/Git/RobotCar/install/robotcar/share/ament_index/resource_index/packages/robotcar
[40.611s] -- Up-to-date: /home/pi/Git/RobotCar/install/robotcar/share/robotcar/cmake/robotcarConfig.cmake
[40.613s] -- Up-to-date: /home/pi/Git/RobotCar/install/robotcar/share/robotcar/cmake/robotcarConfig-version.cmake
[40.615s] -- Up-to-date: /home/pi/Git/RobotCar/install/robotcar/share/robotcar/package.xml
[40.628s] Invoked command in '/home/pi/Git/RobotCar/build/robotcar' returned '0': /usr/bin/cmake --install /home/pi/Git/RobotCar/build/robotcar
