[0.481s] DEBUG:colcon:Command line arguments: ['/usr/bin/colcon', 'build']
[0.482s] DEBUG:colcon:Parsed command line arguments: Namespace(log_base=None, log_level=None, verb_name='build', build_base='build', install_base='install', merge_install=False, symlink_install=False, test_result_base=None, continue_on_error=False, executor='parallel', parallel_workers=4, event_handlers=None, ignore_user_meta=False, metas=['./colcon.meta'], base_paths=['.'], packages_ignore=None, packages_ignore_regex=None, paths=None, packages_up_to=None, packages_up_to_regex=None, packages_above=None, packages_above_and_dependencies=None, packages_above_depth=None, packages_select_by_dep=None, packages_skip_by_dep=None, packages_skip_up_to=None, packages_select_build_failed=False, packages_skip_build_finished=False, packages_select_test_failures=False, packages_skip_test_passed=False, packages_select=None, packages_skip=None, packages_select_regex=None, packages_skip_regex=None, packages_start=None, packages_end=None, allow_overriding=[], cmake_args=None, cmake_target=None, cmake_target_skip_unavailable=False, cmake_clean_cache=False, cmake_clean_first=False, cmake_force_configure=False, ament_cmake_args=None, catkin_cmake_args=None, catkin_skip_building_tests=False, mixin_files=None, mixin=None, verb_parser=<colcon_mixin.mixin.mixin_argument.MixinArgumentDecorator object at 0xffff98539cf0>, verb_extension=<colcon_core.verb.build.BuildVerb object at 0xffff9864e320>, main=<bound method BuildVerb.main of <colcon_core.verb.build.BuildVerb object at 0xffff9864e320>>, mixin_verb=('build',))
[1.949s] Level 1:colcon.colcon_core.package_discovery:discover_packages(colcon_meta) check parameters
[1.950s] Level 1:colcon.colcon_core.package_discovery:discover_packages(recursive) check parameters
[1.950s] Level 1:colcon.colcon_core.package_discovery:discover_packages(ignore) check parameters
[1.950s] Level 1:colcon.colcon_core.package_discovery:discover_packages(path) check parameters
[1.951s] Level 1:colcon.colcon_core.package_discovery:discover_packages(colcon_meta) discover
[1.951s] Level 1:colcon.colcon_core.package_discovery:discover_packages(recursive) discover
[1.951s] INFO:colcon.colcon_core.package_discovery:Crawling recursively for packages in '/home/pi/Git/RobotCar'
[1.958s] Level 1:colcon.colcon_core.package_identification:_identify(.) by extensions ['ignore', 'ignore_ament_install']
[1.960s] Level 1:colcon.colcon_core.package_identification:_identify(.) by extension 'ignore'
[1.961s] Level 1:colcon.colcon_core.package_identification:_identify(.) by extension 'ignore_ament_install'
[1.962s] Level 1:colcon.colcon_core.package_identification:_identify(.) by extensions ['colcon_pkg']
[1.962s] Level 1:colcon.colcon_core.package_identification:_identify(.) by extension 'colcon_pkg'
[1.962s] Level 1:colcon.colcon_core.package_identification:_identify(.) by extensions ['colcon_meta']
[1.963s] Level 1:colcon.colcon_core.package_identification:_identify(.) by extension 'colcon_meta'
[1.963s] Level 1:colcon.colcon_core.package_identification:_identify(.) by extensions ['ros']
[1.963s] Level 1:colcon.colcon_core.package_identification:_identify(.) by extension 'ros'
[2.054s] DEBUG:colcon.colcon_core.package_identification:Package '.' with type 'ros.ament_cmake' and name 'robotcar'
[2.055s] Level 1:colcon.colcon_core.package_discovery:discover_packages(recursive) using defaults
[2.057s] Level 1:colcon.colcon_core.package_discovery:discover_packages(ignore) discover
[2.058s] Level 1:colcon.colcon_core.package_discovery:discover_packages(ignore) using defaults
[2.058s] Level 1:colcon.colcon_core.package_discovery:discover_packages(path) discover
[2.058s] Level 1:colcon.colcon_core.package_discovery:discover_packages(path) using defaults
[2.263s] Level 1:colcon.colcon_core.package_discovery:discover_packages(prefix_path) check parameters
[2.264s] Level 1:colcon.colcon_core.package_discovery:discover_packages(prefix_path) discover
[2.280s] DEBUG:colcon.colcon_installed_package_information.package_discovery:Found 1 installed packages in /home/pi/Git/RobotCar/install
[2.296s] DEBUG:colcon.colcon_installed_package_information.package_discovery:Found 281 installed packages in /opt/ros/iron
[2.305s] Level 1:colcon.colcon_core.package_discovery:discover_packages(prefix_path) using defaults
[2.675s] Level 5:colcon.colcon_core.verb:set package 'robotcar' build argument 'cmake_args' from command line to 'None'
[2.675s] Level 5:colcon.colcon_core.verb:set package 'robotcar' build argument 'cmake_target' from command line to 'None'
[2.675s] Level 5:colcon.colcon_core.verb:set package 'robotcar' build argument 'cmake_target_skip_unavailable' from command line to 'False'
[2.676s] Level 5:colcon.colcon_core.verb:set package 'robotcar' build argument 'cmake_clean_cache' from command line to 'False'
[2.676s] Level 5:colcon.colcon_core.verb:set package 'robotcar' build argument 'cmake_clean_first' from command line to 'False'
[2.676s] Level 5:colcon.colcon_core.verb:set package 'robotcar' build argument 'cmake_force_configure' from command line to 'False'
[2.676s] Level 5:colcon.colcon_core.verb:set package 'robotcar' build argument 'ament_cmake_args' from command line to 'None'
[2.676s] Level 5:colcon.colcon_core.verb:set package 'robotcar' build argument 'catkin_cmake_args' from command line to 'None'
[2.676s] Level 5:colcon.colcon_core.verb:set package 'robotcar' build argument 'catkin_skip_building_tests' from command line to 'False'
[2.677s] DEBUG:colcon.colcon_core.verb:Building package 'robotcar' with the following arguments: {'ament_cmake_args': None, 'build_base': '/home/pi/Git/RobotCar/build/robotcar', 'catkin_cmake_args': None, 'catkin_skip_building_tests': False, 'cmake_args': None, 'cmake_clean_cache': False, 'cmake_clean_first': False, 'cmake_force_configure': False, 'cmake_target': None, 'cmake_target_skip_unavailable': False, 'install_base': '/home/pi/Git/RobotCar/install/robotcar', 'merge_install': False, 'path': '/home/pi/Git/RobotCar', 'symlink_install': False, 'test_result_base': None}
[2.678s] INFO:colcon.colcon_core.executor:Executing jobs using 'parallel' executor
[2.683s] DEBUG:colcon.colcon_parallel_executor.executor.parallel:run_until_complete
[2.684s] INFO:colcon.colcon_ros.task.ament_cmake.build:Building ROS package in '/home/pi/Git/RobotCar' with build type 'ament_cmake'
[2.685s] INFO:colcon.colcon_cmake.task.cmake.build:Building CMake package in '/home/pi/Git/RobotCar'
[2.699s] INFO:colcon.colcon_core.plugin_system:Skipping extension 'colcon_core.shell.bat': Not used on non-Windows systems
[2.702s] INFO:colcon.colcon_core.shell:Skip shell extension 'powershell' for command environment: Not usable outside of PowerShell
[2.702s] DEBUG:colcon.colcon_core.shell:Skip shell extension 'dsv' for command environment
[2.760s] DEBUG:colcon.colcon_core.event_handler.log_command:Invoking command in '/home/pi/Git/RobotCar/build/robotcar': CMAKE_PREFIX_PATH=${CMAKE_PREFIX_PATH}:/opt/ros/iron /usr/bin/cmake --build /home/pi/Git/RobotCar/build/robotcar -- -j4 -l4
[90.056s] DEBUG:colcon.colcon_core.event_handler.log_command:Invoked command in '/home/pi/Git/RobotCar/build/robotcar' returned '0': CMAKE_PREFIX_PATH=${CMAKE_PREFIX_PATH}:/opt/ros/iron /usr/bin/cmake --build /home/pi/Git/RobotCar/build/robotcar -- -j4 -l4
[90.381s] DEBUG:colcon.colcon_core.event_handler.log_command:Invoking command in '/home/pi/Git/RobotCar/build/robotcar': CMAKE_PREFIX_PATH=${CMAKE_PREFIX_PATH}:/opt/ros/iron /usr/bin/cmake --install /home/pi/Git/RobotCar/build/robotcar
[90.546s] Level 1:colcon.colcon_core.environment:create_environment_scripts_only(robotcar)
[90.550s] DEBUG:colcon.colcon_core.event_handler.log_command:Invoked command in '/home/pi/Git/RobotCar/build/robotcar' returned '0': CMAKE_PREFIX_PATH=${CMAKE_PREFIX_PATH}:/opt/ros/iron /usr/bin/cmake --install /home/pi/Git/RobotCar/build/robotcar
[90.570s] Level 1:colcon.colcon_core.environment:checking '/home/pi/Git/RobotCar/install/robotcar' for CMake module files
[90.573s] Level 1:colcon.colcon_core.environment:checking '/home/pi/Git/RobotCar/install/robotcar' for CMake config files
[90.575s] Level 1:colcon.colcon_core.shell:create_environment_hook('robotcar', 'cmake_prefix_path')
[90.577s] INFO:colcon.colcon_core.shell:Creating environment hook '/home/pi/Git/RobotCar/install/robotcar/share/robotcar/hook/cmake_prefix_path.ps1'
[90.580s] INFO:colcon.colcon_core.shell:Creating environment descriptor '/home/pi/Git/RobotCar/install/robotcar/share/robotcar/hook/cmake_prefix_path.dsv'
[90.583s] INFO:colcon.colcon_core.shell:Creating environment hook '/home/pi/Git/RobotCar/install/robotcar/share/robotcar/hook/cmake_prefix_path.sh'
[90.593s] Level 1:colcon.colcon_core.environment:checking '/home/pi/Git/RobotCar/install/robotcar/lib'
[90.594s] Level 1:colcon.colcon_core.environment:checking '/home/pi/Git/RobotCar/install/robotcar/bin'
[90.595s] Level 1:colcon.colcon_core.environment:checking '/home/pi/Git/RobotCar/install/robotcar/lib/pkgconfig/robotcar.pc'
[90.595s] Level 1:colcon.colcon_core.environment:checking '/home/pi/Git/RobotCar/install/robotcar/lib/python3.10/site-packages'
[90.597s] Level 1:colcon.colcon_core.environment:checking '/home/pi/Git/RobotCar/install/robotcar/bin'
[90.598s] INFO:colcon.colcon_core.shell:Creating package script '/home/pi/Git/RobotCar/install/robotcar/share/robotcar/package.ps1'
[90.602s] INFO:colcon.colcon_core.shell:Creating package descriptor '/home/pi/Git/RobotCar/install/robotcar/share/robotcar/package.dsv'
[90.605s] INFO:colcon.colcon_core.shell:Creating package script '/home/pi/Git/RobotCar/install/robotcar/share/robotcar/package.sh'
[90.609s] INFO:colcon.colcon_core.shell:Creating package script '/home/pi/Git/RobotCar/install/robotcar/share/robotcar/package.bash'
[90.614s] INFO:colcon.colcon_core.shell:Creating package script '/home/pi/Git/RobotCar/install/robotcar/share/robotcar/package.zsh'
[90.619s] Level 1:colcon.colcon_core.environment:create_file_with_runtime_dependencies(/home/pi/Git/RobotCar/install/robotcar/share/colcon-core/packages/robotcar)
[90.880s] Level 1:colcon.colcon_core.environment:create_environment_scripts_only(robotcar)
[90.881s] Level 1:colcon.colcon_core.environment:checking '/home/pi/Git/RobotCar/install/robotcar' for CMake module files
[90.885s] Level 1:colcon.colcon_core.environment:checking '/home/pi/Git/RobotCar/install/robotcar' for CMake config files
[90.887s] Level 1:colcon.colcon_core.shell:create_environment_hook('robotcar', 'cmake_prefix_path')
[90.893s] INFO:colcon.colcon_core.shell:Creating environment hook '/home/pi/Git/RobotCar/install/robotcar/share/robotcar/hook/cmake_prefix_path.ps1'
[90.899s] INFO:colcon.colcon_core.shell:Creating environment descriptor '/home/pi/Git/RobotCar/install/robotcar/share/robotcar/hook/cmake_prefix_path.dsv'
[90.905s] INFO:colcon.colcon_core.shell:Creating environment hook '/home/pi/Git/RobotCar/install/robotcar/share/robotcar/hook/cmake_prefix_path.sh'
[90.910s] Level 1:colcon.colcon_core.environment:checking '/home/pi/Git/RobotCar/install/robotcar/lib'
[90.914s] Level 1:colcon.colcon_core.environment:checking '/home/pi/Git/RobotCar/install/robotcar/bin'
[90.915s] Level 1:colcon.colcon_core.environment:checking '/home/pi/Git/RobotCar/install/robotcar/lib/pkgconfig/robotcar.pc'
[90.917s] Level 1:colcon.colcon_core.environment:checking '/home/pi/Git/RobotCar/install/robotcar/lib/python3.10/site-packages'
[90.918s] Level 1:colcon.colcon_core.environment:checking '/home/pi/Git/RobotCar/install/robotcar/bin'
[90.920s] INFO:colcon.colcon_core.shell:Creating package script '/home/pi/Git/RobotCar/install/robotcar/share/robotcar/package.ps1'
[90.926s] INFO:colcon.colcon_core.shell:Creating package descriptor '/home/pi/Git/RobotCar/install/robotcar/share/robotcar/package.dsv'
[90.932s] INFO:colcon.colcon_core.shell:Creating package script '/home/pi/Git/RobotCar/install/robotcar/share/robotcar/package.sh'
[90.935s] INFO:colcon.colcon_core.shell:Creating package script '/home/pi/Git/RobotCar/install/robotcar/share/robotcar/package.bash'
[90.938s] INFO:colcon.colcon_core.shell:Creating package script '/home/pi/Git/RobotCar/install/robotcar/share/robotcar/package.zsh'
[90.941s] Level 1:colcon.colcon_core.environment:create_file_with_runtime_dependencies(/home/pi/Git/RobotCar/install/robotcar/share/colcon-core/packages/robotcar)
[90.947s] DEBUG:colcon.colcon_parallel_executor.executor.parallel:closing loop
[90.948s] DEBUG:colcon.colcon_parallel_executor.executor.parallel:loop closed
[90.949s] DEBUG:colcon.colcon_parallel_executor.executor.parallel:run_until_complete finished with '0'
[90.949s] DEBUG:colcon.colcon_core.event_reactor:joining thread
[90.977s] INFO:colcon.colcon_core.plugin_system:Skipping extension 'colcon_notification.desktop_notification.terminal_notifier': Not used on non-Darwin systems
[90.978s] INFO:colcon.colcon_core.plugin_system:Skipping extension 'colcon_notification.desktop_notification.win32': Not used on non-Windows systems
[90.978s] INFO:colcon.colcon_notification.desktop_notification:Sending desktop notification using 'notify2'
[91.125s] DEBUG:colcon.colcon_core.event_reactor:joined thread
[91.127s] INFO:colcon.colcon_core.shell:Creating prefix script '/home/pi/Git/RobotCar/install/local_setup.ps1'
[91.145s] INFO:colcon.colcon_core.shell:Creating prefix util module '/home/pi/Git/RobotCar/install/_local_setup_util_ps1.py'
[91.173s] INFO:colcon.colcon_core.shell:Creating prefix chain script '/home/pi/Git/RobotCar/install/setup.ps1'
[91.195s] INFO:colcon.colcon_core.shell:Creating prefix script '/home/pi/Git/RobotCar/install/local_setup.sh'
[91.199s] INFO:colcon.colcon_core.shell:Creating prefix util module '/home/pi/Git/RobotCar/install/_local_setup_util_sh.py'
[91.208s] INFO:colcon.colcon_core.shell:Creating prefix chain script '/home/pi/Git/RobotCar/install/setup.sh'
[91.222s] INFO:colcon.colcon_core.shell:Creating prefix script '/home/pi/Git/RobotCar/install/local_setup.bash'
[91.240s] INFO:colcon.colcon_core.shell:Creating prefix chain script '/home/pi/Git/RobotCar/install/setup.bash'
[91.270s] INFO:colcon.colcon_core.shell:Creating prefix script '/home/pi/Git/RobotCar/install/local_setup.zsh'
[91.286s] INFO:colcon.colcon_core.shell:Creating prefix chain script '/home/pi/Git/RobotCar/install/setup.zsh'
